ETV5
CREB3L1
GMPS
RBM15
SEPT6
TTL
ARID1A
ERCC5
TFG
FLT3
SLC34A2
FAM46C
PER1
DDB2
NACA
MLLT10
HMGA1
TCF12
RUNX1
CANT1
REL
ZNF331
JAZF1
ASPSCR1
PLAG1
NOTCH1
TAL2
ERCC2
SMARCA4
DNMT3A
HOXA11
GNAS
CHEK2
HLF
GNAQ
ETV6
SET
KIF5B
TRRAP
CDKN2C
VHL
RPL22
CHN1
STAT3
CDK4
CD274
KTN1
CYLD
BRD3
TRIM33
CKAP4
ISPD
MAN2A2
OTOF
SLC40A1
APOM
ARHGAP17
AURKB
IGBP1
IL10RA
IL15RA
IL1RL1
INSM1
IRF4
MAOA
MICB
SMAD3
TK1
YPEL2
PTEN
PIK3C2A
ITPA
BCL3
ATOH8
ATP1A3
FRA10AC1
COPRS
CHMP4C
CNGA1
EDA
FBXL3
GMDS
ISL2
KISS1
KLF2
MYADML2
LINC00116
OAZ1
TENM1
PLA2G15
PPP1R1A
RAB40A
RRAS
SPOCK1
SQSTM1
TXNDC16
VAMP3
INTS8
GTPBP2
ANK3
SLC16A12
LIMCH1
MIR374A
BIRC5
CD44
MUC1
TF
CCL5
BID
CCNF
DLX4
FAM72D
PYCR1
TRIP13
CENPW
FOXM1
NUF2
OTX1
MATN4
PI3
ERVV-2
ERVFRD-1
NFE4
FOXE1
FAM83A
HMGA2
KRT6A
DPYSL5
ANXA8
ROS1
CSMD3
MAGEC3
AMER2
CPLX2
KRT13
ANKFN1
VTN
ZNF114
VEGFA
VEGFC
FLT1
KDR
FLT4
HIF1A
EPAS1
PDGFRB
ANGPTL4
IFNG
PDCD1
PDCD1LG2
LAG3
CD3G
CXCL13
CXCL9
CSF1R
IL10
IL12A
TNF
HAVCR2
CD8A
ATP6V1C2
PCSK1N
PREX1
HLA-DRA
SELENBP1
TYRP1
GABRA2
SERPINA5
PODXL
ZIC2
ATP2B3
KRT75
C20orf141
CHGA
TXLNA
SEMA3G
AR
IL20RB
CCR10
BMP8A
SEMA3A
CCL7
GDF1
KLRC2
LHB
FGF17
IL4
APOLD1
C9orf66
G6PC
CNN1
TIMP1
TUBB2B
ANGPT4
EDN1
ESM1
CD34
PECAM1
EDNRB
STIM2
FYN
VWF
GJA1
MCF2L
PPM1F
PTPRB
HEY1
ETS1
TBXA2R
TCF4
S1PR1
SLC9A3R2
NES
NFATC1
NOS3
PDE2A
CORO1A
CCR5
CXCR3
PTK2B
WAS
CD72
IL16
FYB1
FASLG
FERMT3
FOXP3
XCL2
CD3E
CD7
LAX1
CD38
LCP1
LCP2
ITK
LAT
LCK
GRK2
CCL4
CD2
PRF1
TIGIT
GZMA
GZMB
CTLA4
EOMES
PYHIN1
SLA2
LTA
PSMB8
PSMB9
EXOC3L2
